src/services/statistics.service.ts(6,3): error TS2305: Module '"@/types/api"' has no exported member 'RoomRecommendationDto'.
